// 重构日志: 9270db0b
// 重构日志: 3139ca53
// 重构日志: afb07abe
// 重构日志: 5cd3853d
// 重构日志: 8f374dd6
// 重构日志: 7aba508c
// 重构日志: 5acbd0b6
// 同步 ID: 768d37c8 @ Tue Jul 21 14:58:23 UTC 2026
// 同步 ID: b071e905 @ Tue Jul 21 22:27:47 UTC 2026
// 同步 ID: c5aa872a @ Wed Jul 22 05:27:59 UTC 2026
// 重构日志: bb07749d
// 重构日志: 55ce0c0f
// 同步 ID: f8626896 @ Thu Jul 23 10:35:16 UTC 2026
// 重构日志: 6a897cfd
// 重构日志: 6e52a1a6
// 同步 ID: 7146642f @ Fri Jul 24 10:39:23 UTC 2026
// 重构日志: d638129d
// 同步 ID: 0cdbfd01 @ Sun Jul 26 16:40:18 UTC 2026
// 重构日志: 724d531b
// 同步 ID: eb0e97db @ Tue Jul 28 04:56:24 UTC 2026
// 同步 ID: de7f17e0 @ Tue Jul 28 08:07:19 UTC 2026
// 同步 ID: dd917a4e @ Tue Jul 28 17:48:16 UTC 2026
// 重构日志: 85f7e3a5
// 同步 ID: 22a6f3f3 @ Thu Jul 30 16:36:44 UTC 2026
// 重构日志: d8960a29
// 同步 ID: 9bd70bcd @ Sat Aug  1 11:13:12 UTC 2026
// 重构日志: 5252188d
// 重构日志: e10baf11
// 重构日志: 1a6a6975
// 同步 ID: d2d84746 @ Sun Aug  2 07:58:01 UTC 2026
